2026-09-19 17:03:09,972 - INFO - Evento order.updated omitido para pedido 55792 por estado, compania o sin detalles pendientes.
2026-09-19 17:03:18,050 - INFO - Evento order.updated omitido para pedido 55792 por estado, compania o sin detalles pendientes.
2026-09-19 17:08:46,597 - INFO - Pedido=55805 Detalle=184354 Producto='ABONADO MEDIO DIA S/. 15 DE 12 M A 11 PM' Centro='SERVER' Impresora='CBX-POS808' PrintedApi=False
2026-09-19 17:08:46,597 - INFO - Resumen de centros del pedido 55805: {'SERVER': 1}
2026-09-19 17:08:46,598 - INFO - Procesando pedido 55805 en 1 centro(s).
2026-09-19 17:08:46,598 - INFO - Enviando pedido 55805 al centro SERVER en impresora 'CBX-POS808'
2026-09-19 17:08:46,694 - INFO - Trabajo de impresion generado. Pedido=55805 Tipo=SERVER Copia=1 JobId=12
2026-09-19 17:08:47,074 - INFO - Trabajo de impresion generado. Pedido=55805 Tipo=SERVER Copia=2 JobId=13
2026-09-19 17:08:48,851 - INFO - Detalle marcado como impreso. Pedido=55805 Detalle=184354 Centro=SERVER
2026-09-19 17:08:48,852 - INFO - Evento procesado. Tipo=order.created Pedido=55805 Detalles impresos=1 Detalles confirmados=1 Pendientes locales=49
2026-09-19 17:08:48,853 - INFO - Evento order.updated omitido para pedido 55805 por estado, compania o sin detalles pendientes.
2026-09-19 17:09:34,734 - INFO - Evento order.updated omitido para pedido 55805 por estado, compania o sin detalles pendientes.
2026-09-19 17:12:33,491 - INFO - Evento order.updated omitido para pedido 55805 por estado, compania o sin detalles pendientes.
2026-09-19 17:36:24,929 - INFO - Solicitud de parada recibida para el servicio Windows.
2026-09-19 17:36:24,933 - INFO - Se recibio senal de parada del servicio.
2026-09-19 17:36:25,044 - INFO - Servicio Windows finalizado.
2026-09-19 17:37:21,447 - INFO - ATIC Peru
2026-09-19 17:37:21,447 - INFO - Iniciando print_server.py version 1.0.3
2026-09-19 17:37:21,447 - INFO - Modo de escucha configurado por WebSocket.
2026-09-19 17:37:21,447 - INFO - Escuchando eventos en wss://apisayri.atic.pe/ws/restaurants/6591/tables/
2026-09-19 17:37:21,993 - INFO - Conexion WebSocket establecida correctamente.
2026-09-19 17:37:23,153 - INFO - Sincronizacion REST sin pedidos pendientes.
2026-09-19 17:37:23,153 - INFO - Sincronizacion posterior a reconexion completada. Pedidos=0 Detalles impresos=0
2026-09-19 17:37:23,153 - INFO - Canal suscrito: restaurant_6591_tables
2026-09-19 17:37:44,614 - INFO - Pedido=55823 Detalle=184398 Producto='ABONADO MEDIO DIA S/. 15 DE 12 M A 11 PM' Centro='SERVER' Impresora='CBX-POS808' PrintedApi=False
2026-09-19 17:37:44,615 - INFO - Resumen de centros del pedido 55823: {'SERVER': 1}
2026-09-19 17:37:44,615 - INFO - Procesando pedido 55823 en 1 centro(s).
2026-09-19 17:37:44,619 - INFO - Enviando pedido 55823 al centro SERVER en impresora 'CBX-POS808'
2026-09-19 17:37:44,715 - INFO - Trabajo de impresion generado. Pedido=55823 Tipo=SERVER Copia=1 JobId=14
2026-09-19 17:37:45,074 - INFO - Trabajo de impresion generado. Pedido=55823 Tipo=SERVER Copia=2 JobId=15
2026-09-19 17:37:46,454 - INFO - Detalle marcado como impreso. Pedido=55823 Detalle=184398 Centro=SERVER
2026-09-19 17:37:46,457 - INFO - Evento procesado. Tipo=order.created Pedido=55823 Detalles impresos=1 Detalles confirmados=1 Pendientes locales=49
2026-09-19 17:37:46,459 - INFO - Evento order.updated omitido para pedido 55823 por estado, compania o sin detalles pendientes.
2026-09-19 17:43:04,077 - INFO - Pedido=55826 Detalle=184405 Producto='EST. AUTO/CAMIONETA S/. 4 HORA - FRACCION' Centro='SERVER' Impresora='CBX-POS808' PrintedApi=False
2026-09-19 17:43:04,078 - INFO - Resumen de centros del pedido 55826: {'SERVER': 1}
2026-09-19 17:43:04,078 - INFO - Procesando pedido 55826 en 1 centro(s).
2026-09-19 17:43:04,079 - INFO - Enviando pedido 55826 al centro SERVER en impresora 'CBX-POS808'
2026-09-19 17:43:04,150 - INFO - Trabajo de impresion generado. Pedido=55826 Tipo=SERVER Copia=1 JobId=16
2026-09-19 17:43:04,517 - INFO - Trabajo de impresion generado. Pedido=55826 Tipo=SERVER Copia=2 JobId=17
2026-09-19 17:43:05,975 - INFO - Detalle marcado como impreso. Pedido=55826 Detalle=184405 Centro=SERVER
2026-09-19 17:43:05,980 - INFO - Evento procesado. Tipo=order.created Pedido=55826 Detalles impresos=1 Detalles confirmados=1 Pendientes locales=49
2026-09-19 17:43:05,982 - INFO - Evento order.updated omitido para pedido 55826 por estado, compania o sin detalles pendientes.
2026-09-19 17:43:24,383 - INFO - ATIC Peru
2026-09-19 17:43:24,383 - INFO - Iniciando print_server.py version 1.0.3
2026-09-19 17:43:24,383 - INFO - Modo de escucha configurado por WebSocket.
2026-09-19 17:43:24,383 - INFO - Escuchando eventos en wss://apisayri.atic.pe/ws/restaurants/6591/tables/
2026-09-19 17:43:24,901 - INFO - Conexion WebSocket establecida correctamente.
2026-09-19 17:43:26,089 - INFO - Sincronizacion REST sin pedidos pendientes.
2026-09-19 17:43:26,089 - INFO - Sincronizacion posterior a reconexion completada. Pedidos=0 Detalles impresos=0
2026-09-19 17:43:26,089 - INFO - Canal suscrito: restaurant_6591_tables
2026-09-19 17:43:34,048 - INFO - Pedido=55827 Detalle=184406 Producto='EST. AUTO/CAMIONETA S/. 4 HORA - FRACCION' Centro='SERVER' Impresora='CBX-POS808' PrintedApi=False
2026-09-19 17:43:34,048 - INFO - Resumen de centros del pedido 55827: {'SERVER': 1}
2026-09-19 17:43:34,049 - INFO - Procesando pedido 55827 en 1 centro(s).
2026-09-19 17:43:34,051 - INFO - Enviando pedido 55827 al centro SERVER en impresora 'CBX-POS808'
2026-09-19 17:43:34,150 - INFO - Trabajo de impresion generado. Pedido=55827 Tipo=SERVER Copia=1 JobId=18
2026-09-19 17:43:34,503 - INFO - Trabajo de impresion generado. Pedido=55827 Tipo=SERVER Copia=2 JobId=19
2026-09-19 17:43:35,735 - INFO - Detalle marcado como impreso. Pedido=55827 Detalle=184406 Centro=SERVER
2026-09-19 17:43:35,738 - INFO - Evento procesado. Tipo=order.created Pedido=55827 Detalles impresos=1 Detalles confirmados=1 Pendientes locales=49
2026-09-19 17:43:35,740 - INFO - Evento order.updated omitido para pedido 55827 por estado, compania o sin detalles pendientes.
2026-09-19 17:46:05,407 - INFO - ATIC Peru
2026-09-19 17:46:05,408 - INFO - Iniciando print_server.py version 1.0.3
2026-09-19 17:46:05,408 - INFO - Modo de escucha configurado por WebSocket.
2026-09-19 17:46:05,408 - INFO - Escuchando eventos en wss://apisayri.atic.pe/ws/restaurants/6591/tables/
2026-09-19 17:46:05,921 - INFO - Conexion WebSocket establecida correctamente.
2026-09-19 17:46:07,086 - INFO - Sincronizacion REST sin pedidos pendientes.
2026-09-19 17:46:07,244 - INFO - Sincronizacion posterior a reconexion completada. Pedidos=0 Detalles impresos=0
2026-09-19 17:46:07,245 - INFO - Canal suscrito: restaurant_6591_tables
2026-09-19 17:46:21,612 - INFO - Pedido=55833 Detalle=184417 Producto='EST. DE MOTO S/.2 HORA - FRACCION' Centro='SERVER' Impresora='CBX-POS808' PrintedApi=False
2026-09-19 17:46:21,613 - INFO - Resumen de centros del pedido 55833: {'SERVER': 1}
2026-09-19 17:46:21,613 - INFO - Procesando pedido 55833 en 1 centro(s).
2026-09-19 17:46:21,615 - INFO - Enviando pedido 55833 al centro SERVER en impresora 'CBX-POS808'
2026-09-19 17:46:21,702 - INFO - Trabajo de impresion generado. Pedido=55833 Tipo=SERVER Copia=1 JobId=20
2026-09-19 17:46:22,053 - INFO - Trabajo de impresion generado. Pedido=55833 Tipo=SERVER Copia=2 JobId=21
2026-09-19 17:46:23,262 - INFO - Detalle marcado como impreso. Pedido=55833 Detalle=184417 Centro=SERVER
2026-09-19 17:46:23,264 - INFO - Evento procesado. Tipo=order.created Pedido=55833 Detalles impresos=1 Detalles confirmados=1 Pendientes locales=49
2026-09-19 17:46:23,265 - INFO - Evento order.updated omitido para pedido 55833 por estado, compania o sin detalles pendientes.
2026-09-19 17:48:44,619 - INFO - ATIC Peru
2026-09-19 17:48:44,619 - INFO - Iniciando print_server.py version 1.0.3
2026-09-19 17:48:44,619 - INFO - Modo de escucha configurado por WebSocket.
2026-09-19 17:48:44,619 - INFO - Escuchando eventos en wss://apisayri.atic.pe/ws/restaurants/6591/tables/
2026-09-19 17:48:45,149 - INFO - Conexion WebSocket establecida correctamente.
2026-09-19 17:48:46,510 - INFO - Sincronizacion REST sin pedidos pendientes.
2026-09-19 17:48:46,511 - INFO - Sincronizacion posterior a reconexion completada. Pedidos=0 Detalles impresos=0
2026-09-19 17:48:46,511 - INFO - Canal suscrito: restaurant_6591_tables
2026-09-19 17:48:54,321 - INFO - Pedido=55838 Detalle=184429 Producto='EST. AUTO/CAMIONETA S/. 4 HORA - FRACCION' Centro='SERVER' Impresora='CBX-POS808' PrintedApi=False
2026-09-19 17:48:54,322 - INFO - Resumen de centros del pedido 55838: {'SERVER': 1}
2026-09-19 17:48:54,322 - INFO - Procesando pedido 55838 en 1 centro(s).
2026-09-19 17:48:54,323 - INFO - Enviando pedido 55838 al centro SERVER en impresora 'CBX-POS808'
2026-09-19 17:48:54,382 - INFO - Trabajo de impresion generado. Pedido=55838 Tipo=SERVER Copia=1 JobId=22
2026-09-19 17:48:54,731 - INFO - Trabajo de impresion generado. Pedido=55838 Tipo=SERVER Copia=2 JobId=23
2026-09-19 17:48:55,941 - INFO - Detalle marcado como impreso. Pedido=55838 Detalle=184429 Centro=SERVER
2026-09-19 17:48:55,944 - INFO - Evento procesado. Tipo=order.created Pedido=55838 Detalles impresos=1 Detalles confirmados=1 Pendientes locales=49
2026-09-19 17:48:55,946 - INFO - Evento order.updated omitido para pedido 55838 por estado, compania o sin detalles pendientes.
2026-09-19 17:51:29,291 - INFO - ATIC Peru
2026-09-19 17:51:29,292 - INFO - Iniciando print_server.py version 1.0.3
2026-09-19 17:51:29,292 - INFO - Modo de escucha configurado por WebSocket.
2026-09-19 17:51:29,292 - INFO - Escuchando eventos en wss://apisayri.atic.pe/ws/restaurants/6591/tables/
2026-09-19 17:51:29,842 - INFO - Conexion WebSocket establecida correctamente.
2026-09-19 17:51:31,209 - INFO - Sincronizacion REST sin pedidos pendientes.
2026-09-19 17:51:31,209 - INFO - Sincronizacion posterior a reconexion completada. Pedidos=0 Detalles impresos=0
2026-09-19 17:51:31,209 - INFO - Canal suscrito: restaurant_6591_tables
2026-09-19 17:51:41,560 - INFO - Pedido=55841 Detalle=184435 Producto='ABONADO MEDIO DIA S/. 15 DE 12 M A 11 PM' Centro='SERVER' Impresora='CBX-POS808' PrintedApi=False
2026-09-19 17:51:41,560 - INFO - Resumen de centros del pedido 55841: {'SERVER': 1}
2026-09-19 17:51:41,561 - INFO - Procesando pedido 55841 en 1 centro(s).
2026-09-19 17:51:41,563 - INFO - Enviando pedido 55841 al centro SERVER en impresora 'CBX-POS808'
2026-09-19 17:51:41,682 - INFO - Trabajo de impresion generado. Pedido=55841 Tipo=SERVER Copia=1 JobId=24
2026-09-19 17:51:42,046 - INFO - Trabajo de impresion generado. Pedido=55841 Tipo=SERVER Copia=2 JobId=25
2026-09-19 17:51:43,376 - INFO - Detalle marcado como impreso. Pedido=55841 Detalle=184435 Centro=SERVER
2026-09-19 17:51:43,378 - INFO - Evento procesado. Tipo=order.created Pedido=55841 Detalles impresos=1 Detalles confirmados=1 Pendientes locales=49
2026-09-19 17:51:43,379 - INFO - Evento order.updated omitido para pedido 55841 por estado, compania o sin detalles pendientes.
2026-09-19 17:57:16,046 - INFO - ATIC Peru
2026-09-19 17:57:16,046 - INFO - Iniciando print_server.py version 1.0.3
2026-09-19 17:57:16,046 - INFO - Modo de escucha configurado por WebSocket.
2026-09-19 17:57:16,046 - INFO - Escuchando eventos en wss://apisayri.atic.pe/ws/restaurants/6591/tables/
2026-09-19 17:57:16,575 - INFO - Conexion WebSocket establecida correctamente.
2026-09-19 17:57:18,015 - INFO - Sincronizacion REST sin pedidos pendientes.
2026-09-19 17:57:18,015 - INFO - Sincronizacion posterior a reconexion completada. Pedidos=0 Detalles impresos=0
2026-09-19 17:57:18,015 - INFO - Canal suscrito: restaurant_6591_tables
2026-09-19 17:57:31,537 - INFO - Pedido=55850 Detalle=184455 Producto='ABONADO MEDIO DIA S/. 15 DE 12 M A 11 PM' Centro='SERVER' Impresora='CBX-POS808' PrintedApi=False
2026-09-19 17:57:31,537 - INFO - Resumen de centros del pedido 55850: {'SERVER': 1}
2026-09-19 17:57:31,537 - INFO - Procesando pedido 55850 en 1 centro(s).
2026-09-19 17:57:31,540 - INFO - Enviando pedido 55850 al centro SERVER en impresora 'CBX-POS808'
2026-09-19 17:57:31,630 - INFO - Trabajo de impresion generado. Pedido=55850 Tipo=SERVER Copia=1 JobId=26
2026-09-19 17:57:31,978 - INFO - Trabajo de impresion generado. Pedido=55850 Tipo=SERVER Copia=2 JobId=27
2026-09-19 17:57:33,203 - INFO - Detalle marcado como impreso. Pedido=55850 Detalle=184455 Centro=SERVER
2026-09-19 17:57:33,204 - INFO - Evento procesado. Tipo=order.created Pedido=55850 Detalles impresos=1 Detalles confirmados=1 Pendientes locales=49
2026-09-19 17:57:33,204 - INFO - Evento order.updated omitido para pedido 55850 por estado, compania o sin detalles pendientes.
